============================= test session starts =============================
platform win32 -- Python 3.13.7, pytest-7.4.3, pluggy-1.6.0 -- H:\Code\bloom-budget-tracker\.venv\Scripts\python.exe
cachedir: .pytest_cache
rootdir: H:\Code\bloom-budget-tracker
configfile: pytest.ini
plugins: cov-4.1.0, flask-1.3.0
collecting ... collected 528 items

backend/tests/test_auth.py::TestAuthRegistration::test_register_success PASSED [  0%]
backend/tests/test_auth.py::TestAuthRegistration::test_register_duplicate_username PASSED [  0%]
backend/tests/test_auth.py::TestAuthRegistration::test_register_duplicate_email PASSED [  0%]
backend/tests/test_auth.py::TestAuthRegistration::test_register_weak_password PASSED [  0%]
backend/tests/test_auth.py::TestAuthRegistration::test_register_missing_fields PASSED [  0%]
backend/tests/test_auth.py::TestAuthLogin::test_login_success PASSED     [  1%]
backend/tests/test_auth.py::TestAuthLogin::test_login_invalid_username PASSED [  1%]
backend/tests/test_auth.py::TestAuthLogin::test_login_wrong_password PASSED [  1%]
backend/tests/test_auth.py::TestAuthToken::test_access_protected_route PASSED [  1%]
backend/tests/test_auth.py::TestAuthToken::test_access_without_token PASSED [  1%]
backend/tests/test_auth.py::TestAuthToken::test_access_with_invalid_token PASSED [  2%]
backend/tests/test_auth.py::TestAccountLockout::test_account_locks_after_failed_attempts PASSED [  2%]
backend/tests/test_auth.py::TestAccountLockout::test_locked_account_rejects_correct_password PASSED [  2%]
backend/tests/test_auth.py::TestAccountLockout::test_successful_login_resets_failed_attempts PASSED [  2%]
backend/tests/test_auth.py::TestAccountLockout::test_nonexistent_user_does_not_reveal_lockout_info PASSED [  2%]
backend/tests/test_budget_periods.py::TestBudgetPeriodCreation::test_create_weekly_period PASSED [  3%]
backend/tests/test_budget_periods.py::TestBudgetPeriodCreation::test_create_monthly_period PASSED [  3%]
backend/tests/test_budget_periods.py::TestBudgetPeriodCreation::test_create_custom_period PASSED [  3%]
backend/tests/test_budget_periods.py::TestBudgetPeriodCreation::test_create_custom_period_requires_dates PASSED [  3%]
backend/tests/test_budget_periods.py::TestBudgetPeriodCreation::test_create_custom_period_validates_date_order PASSED [  3%]
backend/tests/test_budget_periods.py::TestBudgetPeriodCreation::test_create_period_requires_period_type PASSED [  3%]
backend/tests/test_budget_periods.py::TestBudgetPeriodCreation::test_create_period_invalid_period_type PASSED [  4%]
backend/tests/test_budget_periods.py::TestBudgetPeriodOverlapValidation::test_cannot_create_overlapping_periods PASSED [  4%]
backend/tests/test_budget_periods.py::TestBudgetPeriodOverlapValidation::test_can_create_adjacent_periods PASSED [  4%]
backend/tests/test_budget_periods.py::TestActivePeriod::test_get_active_period_returns_current_period PASSED [  4%]
backend/tests/test_budget_periods.py::TestActivePeriod::test_get_active_period_returns_404_when_none PASSED [  4%]
backend/tests/test_budget_periods.py::TestBudgetPeriodCRUD::test_get_all_budget_periods PASSED [  5%]
backend/tests/test_budget_periods.py::TestBudgetPeriodCRUD::test_get_budget_period_by_id PASSED [  5%]
backend/tests/test_budget_periods.py::TestBudgetPeriodCRUD::test_get_nonexistent_period_returns_404 PASSED [  5%]
backend/tests/test_budget_periods.py::TestBudgetPeriodCRUD::test_update_budget_period PASSED [  5%]
backend/tests/test_budget_periods.py::TestBudgetPeriodCRUD::test_update_nonexistent_period_returns_404 PASSED [  5%]
backend/tests/test_budget_periods.py::TestBudgetPeriodCRUD::test_update_validates_date_order PASSED [  6%]
backend/tests/test_budget_periods.py::TestBudgetPeriodCRUD::test_delete_budget_period PASSED [  6%]
backend/tests/test_budget_periods.py::TestBudgetPeriodCRUD::test_delete_nonexistent_period_returns_404 PASSED [  6%]
backend/tests/test_budget_periods.py::TestBudgetPeriodOrdering::test_periods_ordered_by_start_date_descending PASSED [  6%]
backend/tests/test_budget_periods.py::TestBudgetPeriodAuthentication::test_get_all_requires_auth PASSED [  6%]
backend/tests/test_budget_periods.py::TestBudgetPeriodAuthentication::test_get_active_requires_auth PASSED [  7%]
backend/tests/test_budget_periods.py::TestBudgetPeriodAuthentication::test_get_single_requires_auth PASSED [  7%]
backend/tests/test_budget_periods.py::TestBudgetPeriodAuthentication::test_create_requires_auth PASSED [  7%]
backend/tests/test_budget_periods.py::TestBudgetPeriodAuthentication::test_update_requires_auth PASSED [  7%]
backend/tests/test_budget_periods.py::TestBudgetPeriodAuthentication::test_delete_requires_auth PASSED [  7%]
backend/tests/test_budget_service.py::TestCalculateWeeklyBudget::test_even_division PASSED [  7%]
backend/tests/test_budget_service.py::TestCalculateWeeklyBudget::test_uneven_division_rounds_down PASSED [  8%]
backend/tests/test_budget_service.py::TestCalculateWeeklyBudget::test_small_amount_division PASSED [  8%]
backend/tests/test_budget_service.py::TestCalculateWeeklyBudget::test_large_amount_division PASSED [  8%]
backend/tests/test_budget_service.py::TestCalculateWeeklyBudget::test_zero_budget PASSED [  8%]
backend/tests/test_budget_service.py::TestCalculateWeeklyBudget::test_three_weeks PASSED [  8%]
backend/tests/test_budget_service.py::TestCalculateWeeklyBudget::test_single_week PASSED [  9%]
backend/tests/test_budget_service.py::TestCalculateWeeklyBudget::test_zero_weeks_raises_error PASSED [  9%]
backend/tests/test_budget_service.py::TestCalculateWeeklyBudget::test_negative_weeks_raises_error PASSED [  9%]
backend/tests/test_budget_service.py::TestCalculateWeeklyBudget::test_loss_from_rounding PASSED [  9%]
backend/tests/test_budget_service.py::TestCalculateAdjustedBudget::test_positive_carryover PASSED [  9%]
backend/tests/test_budget_service.py::TestCalculateAdjustedBudget::test_negative_carryover PASSED [ 10%]
backend/tests/test_budget_service.py::TestCalculateAdjustedBudget::test_zero_carryover PASSED [ 10%]
backend/tests/test_budget_service.py::TestCalculateAdjustedBudget::test_large_negative_carryover PASSED [ 10%]
backend/tests/test_budget_service.py::TestCalculateAdjustedBudget::test_zero_base_with_carryover PASSED [ 10%]
backend/tests/test_budget_service.py::TestCalculateRemaining::test_under_budget PASSED [ 10%]
backend/tests/test_budget_service.py::TestCalculateRemaining::test_exact_budget PASSED [ 10%]
backend/tests/test_budget_service.py::TestCalculateRemaining::test_over_budget PASSED [ 11%]
backend/tests/test_budget_service.py::TestCalculateRemaining::test_no_spending PASSED [ 11%]
backend/tests/test_budget_service.py::TestCalculateRemaining::test_negative_adjusted_budget PASSED [ 11%]
backend/tests/test_budget_service.py::TestCalculateCarryover::test_past_week_positive_remaining PASSED [ 11%]
backend/tests/test_budget_service.py::TestCalculateCarryover::test_past_week_negative_remaining PASSED [ 11%]
backend/tests/test_budget_service.py::TestCalculateCarryover::test_past_week_zero_remaining PASSED [ 12%]
backend/tests/test_budget_service.py::TestCalculateCarryover::test_current_week_no_carryover PASSED [ 12%]
backend/tests/test_budget_service.py::TestCalculateCarryover::test_future_week_no_carryover PASSED [ 12%]
backend/tests/test_budget_service.py::TestCalculateWeeksWithCarryover::test_all_weeks_under_budget PASSED [ 12%]
backend/tests/test_budget_service.py::TestCalculateWeeksWithCarryover::test_week_with_overspend PASSED [ 12%]
backend/tests/test_budget_service.py::TestCalculateWeeksWithCarryover::test_current_week_no_carryover_contribution PASSED [ 13%]
backend/tests/test_budget_service.py::TestCalculateWeeksWithCarryover::test_all_weeks_future PASSED [ 13%]
backend/tests/test_budget_service.py::TestCalculateWeeksWithCarryover::test_empty_weeks_list PASSED [ 13%]
backend/tests/test_budget_service.py::TestCalculateWeeksWithCarryover::test_single_week PASSED [ 13%]
backend/tests/test_budget_service.py::TestCalculateWeeksWithCarryover::test_cascading_debt PASSED [ 13%]
backend/tests/test_budget_service.py::TestWeeksToDict::test_converts_to_dict PASSED [ 14%]
backend/tests/test_budget_service.py::TestWeeksToDict::test_empty_list PASSED [ 14%]
backend/tests/test_budget_service.py::TestRealWorldScenarios::test_typical_monthly_salary_period PASSED [ 14%]
backend/tests/test_budget_service.py::TestRealWorldScenarios::test_very_frugal_month PASSED [ 14%]
backend/tests/test_budget_service.py::TestRealWorldScenarios::test_emergency_expense_early_month PASSED [ 14%]
backend/tests/test_budget_service.py::TestEdgeCases::test_zero_budget_period PASSED [ 14%]
backend/tests/test_budget_service.py::TestEdgeCases::test_maximum_integer_values PASSED [ 15%]
backend/tests/test_budget_service.py::TestEdgeCases::test_all_weeks_overspend PASSED [ 15%]
backend/tests/test_budget_service.py::TestEdgeCases::test_exact_budget_spending_no_carryover PASSED [ 15%]
backend/tests/test_budget_service.py::TestEdgeCases::test_negative_budget_input PASSED [ 15%]
backend/tests/test_budget_service.py::TestEdgeCases::test_one_cent_rounding PASSED [ 15%]
backend/tests/test_budget_service.py::TestEdgeCases::test_week_boundary_timing PASSED [ 16%]
backend/tests/test_budget_service.py::TestEdgeCases::test_week_just_ended PASSED [ 16%]
backend/tests/test_business_logic.py::TestCarryoverLogic::test_carryover_with_leftover PASSED [ 16%]
backend/tests/test_business_logic.py::TestCarryoverLogic::test_carryover_with_overspend PASSED [ 16%]
backend/tests/test_business_logic.py::TestRecurringExpenseGeneration::test_recurring_expense_created_for_period PASSED [ 16%]
backend/tests/test_business_logic.py::TestDebtAutoArchiving::test_debt_archived_when_paid_off PASSED [ 17%]
backend/tests/test_business_logic.py::TestExpenseDateAssignment::test_future_expense_assigned_to_future_week PASSED [ 17%]
backend/tests/test_business_logic.py::TestExpenseDateAssignment::test_past_expense_assigned_to_past_week PASSED [ 17%]
backend/tests/test_business_logic.py::TestExpenseDateAssignment::test_expense_outside_any_period_has_no_assignment PASSED [ 17%]
backend/tests/test_cleanup.py::TestPasswordResetTokenCleanup::test_cleanup_expired_tokens PASSED [ 17%]
backend/tests/test_cleanup.py::TestPasswordResetTokenCleanup::test_cleanup_used_tokens PASSED [ 17%]
backend/tests/test_cleanup.py::TestPasswordResetTokenCleanup::test_cleanup_all_tokens PASSED [ 18%]
backend/tests/test_cleanup.py::TestPasswordResetTokenCleanup::test_cleanup_empty_table PASSED [ 18%]
backend/tests/test_cleanup.py::TestPasswordResetTokenCleanup::test_on_access_cleanup_during_reset PASSED [ 18%]
backend/tests/test_crud.py::TestExpenseCRUD::test_create_expense PASSED  [ 18%]
backend/tests/test_crud.py::TestExpenseCRUD::test_create_expense_auto_assigns_period PASSED [ 18%]
backend/tests/test_crud.py::TestExpenseCRUD::test_get_all_expenses PASSED [ 19%]
backend/tests/test_crud.py::TestExpenseCRUD::test_update_expense PASSED  [ 19%]
backend/tests/test_crud.py::TestExpenseCRUD::test_delete_expense PASSED  [ 19%]
backend/tests/test_crud.py::TestIncomeCRUD::test_create_income PASSED    [ 19%]
backend/tests/test_crud.py::TestIncomeCRUD::test_get_all_income PASSED   [ 19%]
backend/tests/test_crud.py::TestSalaryPeriodCRUD::test_create_salary_period PASSED [ 20%]
backend/tests/test_crud.py::TestSalaryPeriodCRUD::test_get_current_salary_period PASSED [ 20%]
backend/tests/test_crud.py::TestSalaryPeriodCRUD::test_delete_salary_period PASSED [ 20%]
backend/tests/test_crud.py::TestDatesWithTransactions::test_get_dates_with_no_expenses PASSED [ 20%]
backend/tests/test_crud.py::TestDatesWithTransactions::test_get_dates_with_expenses PASSED [ 20%]
backend/tests/test_crud.py::TestDatesWithTransactions::test_dates_are_user_specific PASSED [ 21%]
backend/tests/test_currency_routes.py::test_list_currencies_public PASSED [ 21%]
backend/tests/test_currency_routes.py::test_get_rates_public PASSED      [ 21%]
backend/tests/test_currency_routes.py::test_get_rates_different_base_public PASSED [ 21%]
backend/tests/test_currency_routes.py::test_get_rates_invalid_currency_public PASSED [ 21%]
backend/tests/test_currency_routes.py::test_convert_requires_auth PASSED [ 21%]
backend/tests/test_currency_routes.py::test_convert_with_auth PASSED     [ 22%]
backend/tests/test_currency_routes.py::test_list_currencies_with_auth PASSED [ 22%]
backend/tests/test_currency_routes.py::test_get_rates_with_auth PASSED   [ 22%]
backend/tests/test_currency_routes.py::test_cache_rate_concurrent_access PASSED [ 22%]
backend/tests/test_debts.py::TestDebtsCRUD::test_create_debt_success PASSED [ 22%]
backend/tests/test_debts.py::TestDebtsCRUD::test_create_debt_minimal_fields PASSED [ 23%]
backend/tests/test_debts.py::TestDebtsCRUD::test_create_debt_missing_name PASSED [ 23%]
backend/tests/test_debts.py::TestDebtsCRUD::test_get_all_debts PASSED    [ 23%]
backend/tests/test_debts.py::TestDebtsCRUD::test_get_single_debt PASSED  [ 23%]
backend/tests/test_debts.py::TestDebtsCRUD::test_update_debt PASSED      [ 23%]
backend/tests/test_debts.py::TestDebtsCRUD::test_delete_debt PASSED      [ 24%]
backend/tests/test_debts.py::TestDebtArchiving::test_debt_archived_when_balance_zero PASSED [ 24%]
backend/tests/test_debts.py::TestDebtArchiving::test_manual_archive PASSED [ 24%]
backend/tests/test_debts.py::TestDebtPayment::test_make_payment_reduces_balance PASSED [ 24%]
backend/tests/test_debts.py::TestDebtPayment::test_payment_creates_expense PASSED [ 24%]
backend/tests/test_debts.py::TestDebtPayment::test_payment_requires_debt_id PASSED [ 25%]
backend/tests/test_debts.py::TestDebtPayment::test_payment_requires_amount PASSED [ 25%]
backend/tests/test_debts.py::TestDebtPayment::test_payment_rejects_zero_amount PASSED [ 25%]
backend/tests/test_debts.py::TestDebtPayment::test_payment_rejects_amount_exceeding_balance PASSED [ 25%]
backend/tests/test_debts.py::TestDebtPayment::test_payment_to_nonexistent_debt PASSED [ 25%]
backend/tests/test_debts.py::TestDebtValidation::test_create_debt_rejects_negative_balance PASSED [ 25%]
backend/tests/test_debts.py::TestDebtValidation::test_create_debt_rejects_negative_monthly_payment PASSED [ 26%]
backend/tests/test_debts.py::TestDebtValidation::test_get_nonexistent_debt_returns_404 PASSED [ 26%]
backend/tests/test_debts.py::TestDebtValidation::test_update_nonexistent_debt_returns_404 PASSED [ 26%]
backend/tests/test_debts.py::TestDebtValidation::test_delete_nonexistent_debt_returns_404 PASSED [ 26%]
backend/tests/test_debts.py::TestDebtExportImport::test_export_debts PASSED [ 26%]
backend/tests/test_debts.py::TestDebtExportImport::test_import_debts PASSED [ 27%]
backend/tests/test_debts.py::TestDebtExportImport::test_import_without_debts_array_fails PASSED [ 27%]
backend/tests/test_debts.py::TestDebtAuthentication::test_get_all_requires_auth PASSED [ 27%]
backend/tests/test_debts.py::TestDebtAuthentication::test_get_single_requires_auth PASSED [ 27%]
backend/tests/test_debts.py::TestDebtAuthentication::test_create_requires_auth PASSED [ 27%]
backend/tests/test_debts.py::TestDebtAuthentication::test_update_requires_auth PASSED [ 28%]
backend/tests/test_debts.py::TestDebtAuthentication::test_delete_requires_auth PASSED [ 28%]
backend/tests/test_debts.py::TestDebtAuthentication::test_pay_requires_auth PASSED [ 28%]
backend/tests/test_debts.py::TestDebtAuthentication::test_export_requires_auth PASSED [ 28%]
backend/tests/test_debts.py::TestDebtAuthentication::test_import_requires_auth PASSED [ 28%]
backend/tests/test_expenses.py::TestExpenseFilters::test_filter_by_category PASSED [ 28%]
backend/tests/test_expenses.py::TestExpenseFilters::test_filter_by_subcategory PASSED [ 29%]
backend/tests/test_expenses.py::TestExpenseFilters::test_filter_by_payment_method PASSED [ 29%]
backend/tests/test_expenses.py::TestExpenseFilters::test_filter_by_date_range PASSED [ 29%]
backend/tests/test_expenses.py::TestExpenseFilters::test_filter_by_min_amount PASSED [ 29%]
backend/tests/test_expenses.py::TestExpenseFilters::test_filter_by_max_amount PASSED [ 29%]
backend/tests/test_expenses.py::TestExpenseFilters::test_filter_by_search_term_in_name PASSED [ 30%]
backend/tests/test_expenses.py::TestExpenseFilters::test_filter_by_search_term_in_notes PASSED [ 30%]
backend/tests/test_expenses.py::TestExpenseFilters::test_combined_filters PASSED [ 30%]
backend/tests/test_expenses.py::TestExpenseFilters::test_invalid_date_format_ignored PASSED [ 30%]
backend/tests/test_expenses.py::TestExpensePagination::test_default_pagination PASSED [ 30%]
backend/tests/test_expenses.py::TestExpensePagination::test_custom_page_and_limit PASSED [ 31%]
backend/tests/test_expenses.py::TestExpenseValidation::test_create_expense_missing_name PASSED [ 31%]
backend/tests/test_expenses.py::TestExpenseValidation::test_create_expense_missing_amount PASSED [ 31%]
backend/tests/test_expenses.py::TestExpenseValidation::test_create_expense_missing_category PASSED [ 31%]
backend/tests/test_expenses.py::TestExpenseValidation::test_create_expense_invalid_category PASSED [ 31%]
backend/tests/test_expenses.py::TestExpenseValidation::test_create_expense_invalid_date_format PASSED [ 32%]
backend/tests/test_expenses.py::TestExpenseValidation::test_create_expense_display_date_format PASSED [ 32%]
backend/tests/test_expenses.py::TestExpenseValidation::test_create_expense_no_date_defaults_to_today PASSED [ 32%]
backend/tests/test_expenses.py::TestExpenseValidation::test_update_expense_invalid_category PASSED [ 32%]
backend/tests/test_expenses.py::TestExpenseValidation::test_update_expense_invalid_date_format PASSED [ 32%]
backend/tests/test_expenses.py::TestExpenseValidation::test_update_expense_display_date_format PASSED [ 32%]
backend/tests/test_expenses.py::TestExpenseValidation::test_get_nonexistent_expense PASSED [ 33%]
backend/tests/test_expenses.py::TestExpenseValidation::test_update_nonexistent_expense PASSED [ 33%]
backend/tests/test_expenses.py::TestExpenseValidation::test_delete_nonexistent_expense PASSED [ 33%]
backend/tests/test_expenses.py::TestExpenseCurrency::test_create_expense_default_currency PASSED [ 33%]
backend/tests/test_expenses.py::TestExpenseCurrency::test_create_expense_with_foreign_currency PASSED [ 33%]
backend/tests/test_expenses.py::TestExpenseCurrency::test_update_expense_currency PASSED [ 34%]
backend/tests/test_expenses.py::TestExpenseAutoSubcategory::test_auto_assign_subcategory_from_mapping PASSED [ 34%]
backend/tests/test_expenses.py::TestExpenseAutoSubcategory::test_explicit_subcategory_overrides_mapping PASSED [ 34%]
backend/tests/test_expenses.py::TestExpenseDebtPayments::test_create_debt_payment_reduces_balance PASSED [ 34%]
backend/tests/test_expenses.py::TestExpenseDebtPayments::test_debt_payment_auto_archives_when_paid_off PASSED [ 34%]
backend/tests/test_expenses.py::TestExpenseDebtPayments::test_credit_card_payment_not_treated_as_debt PASSED [ 35%]
backend/tests/test_expenses.py::TestExpenseDebtPayments::test_update_expense_reverses_old_debt_payment PASSED [ 35%]
backend/tests/test_expenses.py::TestExpenseDebtPayments::test_update_expense_changes_debt_category PASSED [ 35%]
backend/tests/test_expenses.py::TestExpenseDebtPayments::test_delete_expense_reverses_debt_payment PASSED [ 35%]
backend/tests/test_expenses.py::TestExpenseDebtPayments::test_delete_expense_unarchives_debt PASSED [ 35%]
backend/tests/test_expenses.py::TestExpenseUpdateFields::test_update_expense_name PASSED [ 35%]
backend/tests/test_expenses.py::TestExpenseUpdateFields::test_update_expense_due_date PASSED [ 36%]
backend/tests/test_expenses.py::TestExpenseUpdateFields::test_update_expense_payment_method PASSED [ 36%]
backend/tests/test_expenses.py::TestExpenseUpdateFields::test_update_expense_notes PASSED [ 36%]
backend/tests/test_expenses.py::TestExpenseUpdateFields::test_update_expense_receipt_url PASSED [ 36%]
backend/tests/test_export_import.py::TestDataExport::test_export_user_data PASSED [ 36%]
backend/tests/test_export_import.py::TestDataExport::test_export_requires_types PASSED [ 37%]
backend/tests/test_export_import.py::TestDataExport::test_export_includes_salary_periods PASSED [ 37%]
backend/tests/test_export_import.py::TestDataExport::test_export_includes_debts PASSED [ 37%]
backend/tests/test_export_import.py::TestDataExport::test_export_includes_recurring_expenses PASSED [ 37%]
backend/tests/test_export_import.py::TestDataExport::test_export_includes_expenses PASSED [ 37%]
backend/tests/test_export_import.py::TestDataExport::test_export_includes_income PASSED [ 38%]
backend/tests/test_export_import.py::TestDataExport::test_export_includes_goals PASSED [ 38%]
backend/tests/test_export_import.py::TestDataExport::test_export_includes_weekly_breakdown PASSED [ 38%]
backend/tests/test_export_import.py::TestDataExport::test_export_multiple_types PASSED [ 38%]
backend/tests/test_export_import.py::TestDataImport::test_import_requires_auth PASSED [ 38%]
backend/tests/test_export_import.py::TestDataImport::test_import_requires_data_key PASSED [ 39%]
backend/tests/test_export_import.py::TestDataImport::test_import_debts PASSED [ 39%]
backend/tests/test_export_import.py::TestDataImport::test_import_debts_skips_duplicates PASSED [ 39%]
backend/tests/test_export_import.py::TestDataImport::test_import_recurring_expenses PASSED [ 39%]
backend/tests/test_export_import.py::TestDataImport::test_import_salary_periods PASSED [ 39%]
backend/tests/test_export_import.py::TestDataImport::test_import_salary_periods_skips_overlapping PASSED [ 39%]
backend/tests/test_export_import.py::TestDataImport::test_import_expenses PASSED [ 40%]
backend/tests/test_export_import.py::TestDataImport::test_import_expenses_skips_duplicates PASSED [ 40%]
backend/tests/test_export_import.py::TestDataImport::test_import_income PASSED [ 40%]
backend/tests/test_export_import.py::TestDataImport::test_import_goals PASSED [ 40%]
backend/tests/test_export_import.py::TestDataImport::test_import_goals_creates_subcategory PASSED [ 40%]
backend/tests/test_export_import.py::TestDataImport::test_import_multiple_types PASSED [ 41%]
backend/tests/test_export_import.py::TestBankImport::test_preview_bank_transactions_requires_auth PASSED [ 41%]
backend/tests/test_export_import.py::TestBankImport::test_import_bank_transactions_requires_auth PASSED [ 41%]
backend/tests/test_export_import.py::TestBankImport::test_preview_bank_transactions PASSED [ 41%]
backend/tests/test_export_import.py::TestBankImport::test_preview_bank_transactions_requires_fields PASSED [ 41%]
backend/tests/test_export_import.py::TestBankImport::test_preview_bank_transactions_invalid_format PASSED [ 42%]
backend/tests/test_export_import.py::TestBankImport::test_import_bank_transactions PASSED [ 42%]
backend/tests/test_export_import.py::TestBankImport::test_import_bank_transactions_skips_positive_amounts PASSED [ 42%]
backend/tests/test_export_import.py::TestBankImport::test_import_bank_transactions_smart_categorization PASSED [ 42%]
backend/tests/test_export_import.py::TestBankImport::test_import_bank_transactions_skips_duplicates PASSED [ 42%]
backend/tests/test_export_import.py::TestBankImport::test_import_bank_transactions_with_fixed_bills PASSED [ 42%]
backend/tests/test_export_import.py::TestBankImport::test_import_requires_payment_method PASSED [ 43%]
backend/tests/test_goals.py::TestGoalsCRUD::test_create_goal_success PASSED [ 43%]
backend/tests/test_goals.py::TestGoalsCRUD::test_create_goal_without_target_date PASSED [ 43%]
backend/tests/test_goals.py::TestGoalsCRUD::test_create_goal_with_initial_amount PASSED [ 43%]
backend/tests/test_goals.py::TestGoalsCRUD::test_create_goal_initial_amount_exceeds_target PASSED [ 43%]
backend/tests/test_goals.py::TestGoalsCRUD::test_create_goal_negative_initial_amount PASSED [ 44%]
backend/tests/test_goals.py::TestGoalsCRUD::test_create_goal_missing_name PASSED [ 44%]
backend/tests/test_goals.py::TestGoalsCRUD::test_create_goal_missing_amount PASSED [ 44%]
backend/tests/test_goals.py::TestGoalsCRUD::test_create_goal_invalid_amount PASSED [ 44%]
backend/tests/test_goals.py::TestGoalsCRUD::test_create_goal_past_target_date PASSED [ 44%]
backend/tests/test_goals.py::TestGoalsCRUD::test_get_all_goals PASSED    [ 45%]
backend/tests/test_goals.py::TestGoalsCRUD::test_get_single_goal_progress PASSED [ 45%]
backend/tests/test_goals.py::TestGoalsCRUD::test_update_goal PASSED      [ 45%]
backend/tests/test_goals.py::TestGoalsCRUD::test_update_goal_initial_amount PASSED [ 45%]
backend/tests/test_goals.py::TestGoalsCRUD::test_update_goal_initial_amount_exceeds_target PASSED [ 45%]
backend/tests/test_goals.py::TestGoalsCRUD::test_delete_goal PASSED      [ 46%]
backend/tests/test_goals.py::TestGoalProgress::test_goal_progress_with_contribution PASSED [ 46%]
backend/tests/test_goals.py::TestGoalProgress::test_goal_progress_calculation PASSED [ 46%]
backend/tests/test_goals.py::TestGoalProgress::test_goal_progress_with_initial_amount PASSED [ 46%]
backend/tests/test_goals.py::TestGoalTransactions::test_get_goal_transactions_empty PASSED [ 46%]
backend/tests/test_goals.py::TestGoalTransactions::test_get_goal_transactions_with_initial_amount PASSED [ 46%]
backend/tests/test_goals.py::TestGoalTransactions::test_get_goal_transactions_pagination PASSED [ 47%]
backend/tests/test_income.py::TestIncomeCRUD::test_get_income_requires_auth PASSED [ 47%]
backend/tests/test_income.py::TestIncomeCRUD::test_create_income_requires_auth PASSED [ 47%]
backend/tests/test_income.py::TestIncomeCRUD::test_create_income_success PASSED [ 47%]
backend/tests/test_income.py::TestIncomeCRUD::test_create_income_missing_type PASSED [ 47%]
backend/tests/test_income.py::TestIncomeCRUD::test_create_income_missing_amount PASSED [ 48%]
backend/tests/test_income.py::TestIncomeCRUD::test_create_income_invalid_amount PASSED [ 48%]
backend/tests/test_income.py::TestIncomeCRUD::test_create_income_invalid_date_format PASSED [ 48%]
backend/tests/test_income.py::TestIncomeCRUD::test_get_income_list PASSED [ 48%]
backend/tests/test_income.py::TestIncomeCRUD::test_get_income_with_pagination PASSED [ 48%]
backend/tests/test_income.py::TestIncomeCRUD::test_get_income_filter_by_type PASSED [ 49%]
backend/tests/test_income.py::TestIncomeCRUD::test_get_income_filter_by_date_range PASSED [ 49%]
backend/tests/test_income.py::TestIncomeCRUD::test_get_income_filter_by_amount_range PASSED [ 49%]
backend/tests/test_income.py::TestIncomeCRUD::test_update_income PASSED  [ 49%]
backend/tests/test_income.py::TestIncomeCRUD::test_update_income_not_found PASSED [ 49%]
backend/tests/test_income.py::TestIncomeCRUD::test_update_income_invalid_amount PASSED [ 50%]
backend/tests/test_income.py::TestIncomeCRUD::test_update_income_invalid_date PASSED [ 50%]
backend/tests/test_income.py::TestIncomeCRUD::test_delete_income PASSED  [ 50%]
backend/tests/test_income.py::TestIncomeCRUD::test_delete_income_not_found PASSED [ 50%]
backend/tests/test_income.py::TestIncomeStats::test_stats_requires_auth PASSED [ 50%]
backend/tests/test_income.py::TestIncomeStats::test_stats_empty_user PASSED [ 50%]
backend/tests/test_income.py::TestIncomeStats::test_stats_with_initial_balance PASSED [ 51%]
backend/tests/test_income.py::TestIncomeStats::test_stats_excludes_subsequent_initial_balance PASSED [ 51%]
backend/tests/test_income.py::TestIncomeStats::test_stats_period_income PASSED [ 51%]
backend/tests/test_income.py::TestIncomeCurrency::test_create_income_with_currency PASSED [ 51%]
backend/tests/test_income.py::TestIncomeCurrency::test_create_income_lowercase_currency PASSED [ 51%]
backend/tests/test_income.py::TestIncomeSearch::test_search_by_type PASSED [ 52%]
backend/tests/test_password_reset.py::TestForgotPassword::test_forgot_password_valid_email PASSED [ 52%]
backend/tests/test_password_reset.py::TestForgotPassword::test_forgot_password_nonexistent_email PASSED [ 52%]
backend/tests/test_password_reset.py::TestForgotPassword::test_forgot_password_invalid_email_format PASSED [ 52%]
backend/tests/test_password_reset.py::TestForgotPassword::test_forgot_password_empty_email PASSED [ 52%]
backend/tests/test_password_reset.py::TestForgotPassword::test_forgot_password_creates_token PASSED [ 53%]
backend/tests/test_password_reset.py::TestForgotPassword::test_forgot_password_invalidates_old_tokens PASSED [ 53%]
backend/tests/test_password_reset.py::TestForgotPassword::test_forgot_password_sends_email PASSED [ 53%]
backend/tests/test_password_reset.py::TestForgotPassword::test_forgot_password_email_failure_still_returns_success PASSED [ 53%]
backend/tests/test_password_reset.py::TestResetPassword::test_reset_password_success PASSED [ 53%]
backend/tests/test_password_reset.py::TestResetPassword::test_reset_password_invalid_token PASSED [ 53%]
backend/tests/test_password_reset.py::TestResetPassword::test_reset_password_expired_token PASSED [ 54%]
backend/tests/test_password_reset.py::TestResetPassword::test_reset_password_already_used_token PASSED [ 54%]
backend/tests/test_password_reset.py::TestResetPassword::test_reset_password_missing_token PASSED [ 54%]
backend/tests/test_password_reset.py::TestResetPassword::test_reset_password_short_password PASSED [ 54%]
backend/tests/test_password_reset.py::TestResetPassword::test_reset_password_same_as_current PASSED [ 54%]
backend/tests/test_password_reset.py::TestResetPassword::test_reset_password_changes_password PASSED [ 55%]
backend/tests/test_password_reset.py::TestValidateResetToken::test_validate_token_valid PASSED [ 55%]
backend/tests/test_password_reset.py::TestValidateResetToken::test_validate_token_invalid PASSED [ 55%]
backend/tests/test_password_reset.py::TestValidateResetToken::test_validate_token_expired PASSED [ 55%]
backend/tests/test_password_reset.py::TestValidateResetToken::test_validate_token_already_used PASSED [ 55%]
backend/tests/test_password_reset.py::TestValidateResetToken::test_validate_token_missing PASSED [ 56%]
backend/tests/test_recurring_expense_routes.py::TestRecurringExpenseCRUD::test_create_recurring_expense_returns_id PASSED [ 56%]
backend/tests/test_recurring_expense_routes.py::TestRecurringExpenseCRUD::test_create_recurring_expense_with_all_fields PASSED [ 56%]
backend/tests/test_recurring_expense_routes.py::TestRecurringExpenseCRUD::test_create_recurring_expense_past_start_date_calculates_next_due PASSED [ 56%]
backend/tests/test_recurring_expense_routes.py::TestRecurringExpenseCRUD::test_get_recurring_expense_by_id PASSED [ 56%]
backend/tests/test_recurring_expense_routes.py::TestRecurringExpenseCRUD::test_get_nonexistent_recurring_expense_returns_404 PASSED [ 57%]
backend/tests/test_recurring_expense_routes.py::TestRecurringExpenseCRUD::test_update_recurring_expense PASSED [ 57%]
backend/tests/test_recurring_expense_routes.py::TestRecurringExpenseCRUD::test_update_nonexistent_recurring_expense_returns_404 PASSED [ 57%]
backend/tests/test_recurring_expense_routes.py::TestRecurringExpenseCRUD::test_delete_recurring_expense PASSED [ 57%]
backend/tests/test_recurring_expense_routes.py::TestRecurringExpenseCRUD::test_delete_nonexistent_recurring_expense_returns_404 PASSED [ 57%]
backend/tests/test_recurring_expense_routes.py::TestRecurringExpenseFiltering::test_get_all_recurring_expenses PASSED [ 57%]
backend/tests/test_recurring_expense_routes.py::TestRecurringExpenseFiltering::test_get_active_only_recurring_expenses PASSED [ 58%]
backend/tests/test_recurring_expense_routes.py::TestRecurringExpenseFiltering::test_recurring_expenses_ordered_by_next_due_date PASSED [ 58%]
backend/tests/test_recurring_expense_routes.py::TestRecurringExpenseToggle::test_toggle_active_status PASSED [ 58%]
backend/tests/test_recurring_expense_routes.py::TestRecurringExpenseToggle::test_toggle_nonexistent_returns_404 PASSED [ 58%]
backend/tests/test_recurring_expense_routes.py::TestRecurringExpenseToggle::test_toggle_fixed_bill_status PASSED [ 58%]
backend/tests/test_recurring_expense_routes.py::TestRecurringExpenseToggle::test_toggle_fixed_bill_without_payload_toggles PASSED [ 59%]
backend/tests/test_recurring_expense_routes.py::TestRecurringExpenseExportImport::test_export_recurring_expenses PASSED [ 59%]
backend/tests/test_recurring_expense_routes.py::TestRecurringExpenseExportImport::test_import_recurring_expenses PASSED [ 59%]
backend/tests/test_recurring_expense_routes.py::TestRecurringExpenseExportImport::test_import_without_recurring_expenses_array_fails PASSED [ 59%]
backend/tests/test_recurring_expense_routes.py::TestRecurringExpenseExportImport::test_export_import_roundtrip PASSED [ 59%]
backend/tests/test_recurring_expense_routes.py::TestRecurringExpenseFrequencyUpdates::test_changing_frequency_recalculates_next_due_date PASSED [ 60%]
backend/tests/test_recurring_expense_routes.py::TestRecurringExpenseFrequencyUpdates::test_changing_day_of_month_recalculates_next_due_date PASSED [ 60%]
backend/tests/test_recurring_expense_routes.py::TestRecurringExpenseAuthentication::test_get_all_requires_auth PASSED [ 60%]
backend/tests/test_recurring_expense_routes.py::TestRecurringExpenseAuthentication::test_get_single_requires_auth PASSED [ 60%]
backend/tests/test_recurring_expense_routes.py::TestRecurringExpenseAuthentication::test_create_requires_auth PASSED [ 60%]
backend/tests/test_recurring_expense_routes.py::TestRecurringExpenseAuthentication::test_update_requires_auth PASSED [ 60%]
backend/tests/test_recurring_expense_routes.py::TestRecurringExpenseAuthentication::test_delete_requires_auth PASSED [ 61%]
backend/tests/test_recurring_expense_routes.py::TestRecurringExpenseAuthentication::test_toggle_requires_auth PASSED [ 61%]
backend/tests/test_recurring_expense_routes.py::TestRecurringExpenseAuthentication::test_export_requires_auth PASSED [ 61%]
backend/tests/test_recurring_expense_routes.py::TestRecurringExpenseAuthentication::test_import_requires_auth PASSED [ 61%]
backend/tests/test_recurring_expense_routes.py::TestBudgetImpactInResponses::test_create_fixed_bill_returns_budget_impact PASSED [ 61%]
backend/tests/test_recurring_expense_routes.py::TestBudgetImpactInResponses::test_create_non_fixed_bill_no_budget_impact PASSED [ 62%]
backend/tests/test_recurring_expense_routes.py::TestBudgetImpactInResponses::test_toggle_fixed_bill_returns_budget_impact PASSED [ 62%]
backend/tests/test_recurring_expense_routes.py::TestBudgetImpactInResponses::test_delete_fixed_bill_returns_budget_impact PASSED [ 62%]
backend/tests/test_recurring_generation_routes.py::TestGenerateEndpoint::test_generate_requires_auth PASSED [ 62%]
backend/tests/test_recurring_generation_routes.py::TestGenerateEndpoint::test_generate_dry_run PASSED [ 62%]
backend/tests/test_recurring_generation_routes.py::TestGenerateEndpoint::test_generate_creates_expenses PASSED [ 63%]
backend/tests/test_recurring_generation_routes.py::TestGenerateEndpoint::test_generate_uses_user_lookahead_setting PASSED [ 63%]
backend/tests/test_recurring_generation_routes.py::TestGenerateEndpoint::test_generate_with_custom_days_ahead PASSED [ 63%]
backend/tests/test_recurring_generation_routes.py::TestGenerateEndpoint::test_generate_handles_no_templates PASSED [ 63%]
backend/tests/test_recurring_generation_routes.py::TestGenerateAllEndpoint::test_generate_all_requires_auth PASSED [ 63%]
backend/tests/test_recurring_generation_routes.py::TestGenerateAllEndpoint::test_generate_all_dry_run PASSED [ 64%]
backend/tests/test_recurring_generation_routes.py::TestGenerateAllEndpoint::test_generate_all_with_days_ahead PASSED [ 64%]
backend/tests/test_recurring_generation_routes.py::TestPreviewEndpoint::test_preview_requires_auth PASSED [ 64%]
backend/tests/test_recurring_generation_routes.py::TestPreviewEndpoint::test_preview_returns_upcoming PASSED [ 64%]
backend/tests/test_recurring_generation_routes.py::TestPreviewEndpoint::test_preview_uses_user_lookahead PASSED [ 64%]
backend/tests/test_recurring_generation_routes.py::TestPreviewEndpoint::test_preview_with_custom_days PASSED [ 64%]
backend/tests/test_recurring_generation_routes.py::TestPreviewEndpoint::test_preview_empty_when_no_upcoming PASSED [ 65%]
backend/tests/test_recurring_generation_routes.py::TestPreviewEndpoint::test_preview_filters_inactive_templates PASSED [ 65%]
backend/tests/test_recurring_generation_routes.py::TestUserNotFound::test_generate_user_not_found PASSED [ 65%]
backend/tests/test_recurring_generation_routes.py::TestUserNotFound::test_preview_user_not_found PASSED [ 65%]
backend/tests/test_recurring_generator.py::TestCalculateNextDueDate::test_weekly_frequency PASSED [ 65%]
backend/tests/test_recurring_generator.py::TestCalculateNextDueDate::test_biweekly_frequency PASSED [ 66%]
backend/tests/test_recurring_generator.py::TestCalculateNextDueDate::test_monthly_frequency_normal_day PASSED [ 66%]
backend/tests/test_recurring_generator.py::TestCalculateNextDueDate::test_monthly_frequency_december_to_january PASSED [ 66%]
backend/tests/test_recurring_generator.py::TestCalculateNextDueDate::test_monthly_frequency_day_31_to_february PASSED [ 66%]
backend/tests/test_recurring_generator.py::TestCalculateNextDueDate::test_monthly_frequency_february_leap_year PASSED [ 66%]
backend/tests/test_recurring_generator.py::TestCalculateNextDueDate::test_monthly_frequency_day_30_to_april PASSED [ 67%]
backend/tests/test_recurring_generator.py::TestCalculateNextDueDate::test_custom_frequency PASSED [ 67%]
backend/tests/test_recurring_generator.py::TestCalculateNextDueDate::test_unknown_frequency_returns_same_date PASSED [ 67%]
backend/tests/test_recurring_generator.py::TestFindBudgetPeriodForDate::test_finds_matching_period PASSED [ 67%]
backend/tests/test_recurring_generator.py::TestFindBudgetPeriodForDate::test_returns_none_for_date_outside_periods PASSED [ 67%]
backend/tests/test_recurring_generator.py::TestGenerateDueExpenses::test_dry_run_returns_preview PASSED [ 67%]
backend/tests/test_recurring_generator.py::TestGenerateDueExpenses::test_generates_expense_from_template PASSED [ 68%]
backend/tests/test_recurring_generator.py::TestGenerateDueExpenses::test_updates_next_due_date_after_generation PASSED [ 68%]
backend/tests/test_recurring_generator.py::TestGenerateDueExpenses::test_skips_already_generated_expense PASSED [ 68%]
backend/tests/test_recurring_generator.py::TestGenerateDueExpenses::test_respects_end_date PASSED [ 68%]
backend/tests/test_recurring_generator.py::TestGenerateDueExpenses::test_deactivates_template_after_end_date PASSED [ 68%]
backend/tests/test_recurring_generator.py::TestGenerateDueExpenses::test_ignores_inactive_templates PASSED [ 69%]
backend/tests/test_recurring_generator.py::TestGenerateDueExpenses::test_days_ahead_parameter PASSED [ 69%]
backend/tests/test_recurring_generator.py::TestGetUpcomingRecurringExpenses::test_returns_upcoming_expenses_in_window PASSED [ 69%]
backend/tests/test_recurring_generator.py::TestGetUpcomingRecurringExpenses::test_sorted_by_date PASSED [ 69%]
backend/tests/test_recurring_generator.py::TestGetUpcomingRecurringExpenses::test_respects_end_date PASSED [ 69%]
backend/tests/test_recurring_generator.py::TestGetUpcomingRecurringExpenses::test_ignores_inactive_templates PASSED [ 70%]
backend/tests/test_recurring_generator.py::TestGetUpcomingRecurringExpenses::test_monthly_frequency_projection PASSED [ 70%]
backend/tests/test_recurring_generator.py::TestGetUpcomingRecurringExpenses::test_custom_frequency_projection PASSED [ 70%]
backend/tests/test_salary_periods.py::TestSalaryPeriodCreation::test_create_salary_period_creates_4_weeks PASSED [ 70%]
backend/tests/test_salary_periods.py::TestSalaryPeriodCreation::test_create_salary_period_calculates_weekly_budget PASSED [ 70%]
backend/tests/test_salary_periods.py::TestSalaryPeriodCreation::test_create_period_rejects_credit_allowance_exceeding_available PASSED [ 71%]
backend/tests/test_salary_periods.py::TestSalaryPeriodCreation::test_week_dates_are_consecutive PASSED [ 71%]
backend/tests/test_salary_periods.py::TestOverlapValidation::test_cannot_create_overlapping_periods PASSED [ 71%]
backend/tests/test_salary_periods.py::TestOverlapValidation::test_can_create_consecutive_periods PASSED [ 71%]
backend/tests/test_salary_periods.py::TestActivePeriodLogic::test_current_period_is_active PASSED [ 71%]
backend/tests/test_salary_periods.py::TestActivePeriodLogic::test_future_period_is_inactive PASSED [ 71%]
backend/tests/test_salary_periods.py::TestActivePeriodLogic::test_get_current_period_returns_404_when_none PASSED [ 72%]
backend/tests/test_salary_periods.py::TestActivePeriodLogic::test_get_current_period_returns_correct_period PASSED [ 72%]
backend/tests/test_salary_periods.py::TestPeriodDeletion::test_delete_period_requires_no_transactions PASSED [ 72%]
backend/tests/test_salary_periods.py::TestPeriodDeletion::test_delete_period_not_found PASSED [ 72%]
backend/tests/test_salary_periods.py::TestPreviewEndpoint::test_preview_shows_calculations PASSED [ 72%]
backend/tests/test_salary_periods.py::TestPreviewEndpoint::test_preview_does_not_create_period PASSED [ 73%]
backend/tests/test_salary_periods.py::TestCarryoverCalculation::test_overspending_reduces_next_week_budget PASSED [ 73%]
backend/tests/test_salary_periods.py::TestCarryoverCalculation::test_underspending_increases_next_week_budget PASSED [ 73%]
backend/tests/test_salary_periods.py::TestListEndpoints::test_list_all_periods PASSED [ 73%]
backend/tests/test_salary_periods.py::TestListEndpoints::test_list_active_only PASSED [ 73%]
backend/tests/test_salary_periods.py::TestWeekLeftoverEndpoint::test_get_week_leftover_basic PASSED [ 74%]
backend/tests/test_salary_periods.py::TestWeekLeftoverEndpoint::test_get_week_leftover_with_expenses PASSED [ 74%]
backend/tests/test_salary_periods.py::TestWeekLeftoverEndpoint::test_get_week_leftover_includes_allocation_options PASSED [ 74%]
backend/tests/test_salary_periods.py::TestWeekLeftoverEndpoint::test_get_week_leftover_invalid_period PASSED [ 74%]
backend/tests/test_salary_periods.py::TestWeekLeftoverEndpoint::test_get_week_leftover_invalid_week PASSED [ 74%]
backend/tests/test_salary_periods.py::TestSalaryPeriodUpdate::test_update_salary_period_full PASSED [ 75%]
backend/tests/test_salary_periods.py::TestSalaryPeriodUpdate::test_update_salary_period_with_fixed_bills PASSED [ 75%]
backend/tests/test_salary_periods.py::TestSalaryPeriodUpdate::test_update_salary_period_overlap_rejected PASSED [ 75%]
backend/tests/test_salary_periods.py::TestSalaryPeriodUpdate::test_update_salary_period_not_found PASSED [ 75%]
backend/tests/test_salary_periods.py::TestSalaryPeriodUpdate::test_update_salary_period_credit_allowance_validation PASSED [ 75%]
backend/tests/test_salary_periods.py::TestSalaryPeriodPartialUpdate::test_deactivate_salary_period PASSED [ 75%]
backend/tests/test_salary_periods.py::TestSalaryPeriodPartialUpdate::test_reactivate_salary_period PASSED [ 76%]
backend/tests/test_salary_periods.py::TestSalaryPeriodPartialUpdate::test_partial_update_not_found PASSED [ 76%]
backend/tests/test_salary_periods.py::TestAutoActivation::test_future_period_auto_activates_when_started PASSED [ 76%]
backend/tests/test_salary_periods.py::TestBudgetRecalculation::test_recalculate_updates_weekly_budget_when_fixed_bills_added PASSED [ 76%]
backend/tests/test_salary_periods.py::TestBudgetRecalculation::test_recalculate_updates_remaining_weeks_only PASSED [ 76%]
backend/tests/test_salary_periods.py::TestBudgetRecalculation::test_recalculate_not_found_returns_404 PASSED [ 77%]
backend/tests/test_salary_periods.py::TestBudgetImpact::test_budget_impact_shows_difference PASSED [ 77%]
backend/tests/test_salary_periods.py::TestBudgetImpact::test_budget_impact_no_change_needed PASSED [ 77%]
backend/tests/test_salary_periods.py::TestBudgetImpact::test_budget_impact_not_found_returns_404 PASSED [ 77%]
backend/tests/test_subcategories.py::TestSubcategoriesCRUD::test_get_all_subcategories PASSED [ 77%]
backend/tests/test_subcategories.py::TestSubcategoriesCRUD::test_get_subcategories_by_category PASSED [ 78%]
backend/tests/test_subcategories.py::TestSubcategoriesCRUD::test_get_subcategories_invalid_category PASSED [ 78%]
backend/tests/test_subcategories.py::TestSubcategoriesCRUD::test_create_custom_subcategory PASSED [ 78%]
backend/tests/test_subcategories.py::TestSubcategoriesCRUD::test_create_subcategory_missing_category PASSED [ 78%]
backend/tests/test_subcategories.py::TestSubcategoriesCRUD::test_create_subcategory_missing_name PASSED [ 78%]
backend/tests/test_subcategories.py::TestSubcategoriesCRUD::test_create_subcategory_invalid_category PASSED [ 78%]
backend/tests/test_subcategories.py::TestSubcategoriesCRUD::test_create_duplicate_subcategory PASSED [ 79%]
backend/tests/test_subcategories.py::TestSubcategoriesCRUD::test_update_custom_subcategory PASSED [ 79%]
backend/tests/test_subcategories.py::TestSubcategoriesCRUD::test_delete_custom_subcategory PASSED [ 79%]
backend/tests/test_subcategories.py::TestSubcategoryUsage::test_expense_with_custom_subcategory PASSED [ 79%]
backend/tests/test_subcategories.py::TestSubcategoryUsage::test_cannot_delete_subcategory_with_expenses PASSED [ 79%]
backend/tests/test_user_data.py::TestDeleteAllUserData::test_delete_all_requires_auth PASSED [ 80%]
backend/tests/test_user_data.py::TestDeleteAllUserData::test_delete_all_requires_confirmation PASSED [ 80%]
backend/tests/test_user_data.py::TestDeleteAllUserData::test_delete_all_wrong_confirmation PASSED [ 80%]
backend/tests/test_user_data.py::TestDeleteAllUserData::test_delete_all_success PASSED [ 80%]
backend/tests/test_user_data.py::TestDeleteAllUserData::test_delete_all_returns_counts PASSED [ 80%]
backend/tests/test_user_data.py::TestRecurringLookahead::test_get_lookahead_requires_auth PASSED [ 81%]
backend/tests/test_user_data.py::TestRecurringLookahead::test_get_lookahead_default PASSED [ 81%]
backend/tests/test_user_data.py::TestRecurringLookahead::test_update_lookahead_requires_auth PASSED [ 81%]
backend/tests/test_user_data.py::TestRecurringLookahead::test_update_lookahead_success PASSED [ 81%]
backend/tests/test_user_data.py::TestRecurringLookahead::test_update_lookahead_missing_field PASSED [ 81%]
backend/tests/test_user_data.py::TestRecurringLookahead::test_update_lookahead_invalid_type PASSED [ 82%]
backend/tests/test_user_data.py::TestRecurringLookahead::test_update_lookahead_too_low PASSED [ 82%]
backend/tests/test_user_data.py::TestRecurringLookahead::test_update_lookahead_too_high PASSED [ 82%]
backend/tests/test_user_data.py::TestRecurringLookahead::test_update_lookahead_boundary_min PASSED [ 82%]
backend/tests/test_user_data.py::TestRecurringLookahead::test_update_lookahead_boundary_max PASSED [ 82%]
backend/tests/test_user_data.py::TestDefaultCurrency::test_get_currency_requires_auth PASSED [ 82%]
backend/tests/test_user_data.py::TestDefaultCurrency::test_get_currency_default PASSED [ 83%]
backend/tests/test_user_data.py::TestDefaultCurrency::test_update_currency_requires_auth PASSED [ 83%]
backend/tests/test_user_data.py::TestDefaultCurrency::test_update_currency_success PASSED [ 83%]
backend/tests/test_user_data.py::TestDefaultCurrency::test_update_currency_lowercase PASSED [ 83%]
backend/tests/test_user_data.py::TestDefaultCurrency::test_update_currency_missing_field PASSED [ 83%]
backend/tests/test_user_data.py::TestDefaultCurrency::test_update_currency_invalid PASSED [ 84%]
backend/tests/test_user_data.py::TestUserNotFound::test_get_lookahead_user_not_found PASSED [ 84%]
backend/tests/test_user_data.py::TestUserNotFound::test_update_lookahead_user_not_found PASSED [ 84%]
backend/tests/test_user_data.py::TestUserNotFound::test_get_currency_user_not_found PASSED [ 84%]
backend/tests/test_user_data.py::TestUserNotFound::test_update_currency_user_not_found PASSED [ 84%]
backend/tests/test_validators.py::TestValidateExpenseName::test_valid_simple_name PASSED [ 85%]
backend/tests/test_validators.py::TestValidateExpenseName::test_valid_name_with_spaces PASSED [ 85%]
backend/tests/test_validators.py::TestValidateExpenseName::test_valid_name_with_numbers PASSED [ 85%]
backend/tests/test_validators.py::TestValidateExpenseName::test_valid_name_with_punctuation PASSED [ 85%]
backend/tests/test_validators.py::TestValidateExpenseName::test_valid_name_with_hyphen PASSED [ 85%]
backend/tests/test_validators.py::TestValidateExpenseName::test_valid_name_with_comma PASSED [ 85%]
backend/tests/test_validators.py::TestValidateExpenseName::test_valid_name_with_period PASSED [ 86%]
backend/tests/test_validators.py::TestValidateExpenseName::test_empty_name_invalid PASSED [ 86%]
backend/tests/test_validators.py::TestValidateExpenseName::test_none_name_invalid PASSED [ 86%]
backend/tests/test_validators.py::TestValidateExpenseName::test_name_too_long PASSED [ 86%]
backend/tests/test_validators.py::TestValidateExpenseName::test_name_exactly_200_chars PASSED [ 86%]
backend/tests/test_validators.py::TestValidateExpenseName::test_name_with_special_chars_invalid PASSED [ 87%]
backend/tests/test_validators.py::TestValidateExpenseName::test_name_with_quotes_invalid PASSED [ 87%]
backend/tests/test_validators.py::TestValidateExpenseName::test_name_with_unicode_letters PASSED [ 87%]
backend/tests/test_validators.py::TestValidateAmount::test_valid_positive_amount PASSED [ 87%]
backend/tests/test_validators.py::TestValidateAmount::test_valid_small_amount PASSED [ 87%]
backend/tests/test_validators.py::TestValidateAmount::test_valid_large_amount PASSED [ 88%]
backend/tests/test_validators.py::TestValidateAmount::test_valid_string_amount PASSED [ 88%]
backend/tests/test_validators.py::TestValidateAmount::test_zero_amount_invalid PASSED [ 88%]
backend/tests/test_validators.py::TestValidateAmount::test_negative_amount_invalid PASSED [ 88%]
backend/tests/test_validators.py::TestValidateAmount::test_amount_exceeds_max PASSED [ 88%]
backend/tests/test_validators.py::TestValidateAmount::test_non_numeric_string_invalid PASSED [ 89%]
backend/tests/test_validators.py::TestValidateAmount::test_none_amount_invalid PASSED [ 89%]
backend/tests/test_validators.py::TestValidateAmount::test_float_amount_truncates PASSED [ 89%]
backend/tests/test_validators.py::TestValidateAmount::test_empty_string_invalid PASSED [ 89%]
backend/tests/test_validators.py::TestValidateCategory::test_valid_category PASSED [ 89%]
backend/tests/test_validators.py::TestValidateCategory::test_all_allowed_categories PASSED [ 89%]
backend/tests/test_validators.py::TestValidateCategory::test_invalid_category PASSED [ 90%]
backend/tests/test_validators.py::TestValidateCategory::test_empty_category_invalid PASSED [ 90%]
backend/tests/test_validators.py::TestValidateCategory::test_none_category_invalid PASSED [ 90%]
backend/tests/test_validators.py::TestValidateCategory::test_case_sensitive_category PASSED [ 90%]
backend/tests/test_validators.py::TestValidatePaymentMethod::test_valid_credit PASSED [ 90%]
backend/tests/test_validators.py::TestValidatePaymentMethod::test_valid_debit PASSED [ 91%]
backend/tests/test_validators.py::TestValidatePaymentMethod::test_valid_cash PASSED [ 91%]
backend/tests/test_validators.py::TestValidatePaymentMethod::test_invalid_payment_method PASSED [ 91%]
backend/tests/test_validators.py::TestValidatePaymentMethod::test_uppercase_invalid PASSED [ 91%]
backend/tests/test_validators.py::TestValidatePaymentMethod::test_empty_payment_method PASSED [ 91%]
backend/tests/test_validators.py::TestValidatePaymentMethod::test_none_payment_method PASSED [ 92%]
backend/tests/test_validators.py::TestValidateDateString::test_valid_iso_format PASSED [ 92%]
backend/tests/test_validators.py::TestValidateDateString::test_valid_display_format PASSED [ 92%]
backend/tests/test_validators.py::TestValidateDateString::test_empty_string_valid PASSED [ 92%]
backend/tests/test_validators.py::TestValidateDateString::test_none_valid PASSED [ 92%]
backend/tests/test_validators.py::TestValidateDateString::test_invalid_format PASSED [ 92%]
backend/tests/test_validators.py::TestValidateDateString::test_invalid_date_string PASSED [ 93%]
backend/tests/test_validators.py::TestValidateDateString::test_partial_date_invalid PASSED [ 93%]
backend/tests/test_validators.py::TestValidateDateString::test_european_format_invalid PASSED [ 93%]
backend/tests/test_validators.py::TestValidateNotes::test_valid_notes PASSED [ 93%]
backend/tests/test_validators.py::TestValidateNotes::test_empty_notes_valid PASSED [ 93%]
backend/tests/test_validators.py::TestValidateNotes::test_none_notes_valid PASSED [ 94%]
backend/tests/test_validators.py::TestValidateNotes::test_notes_exactly_1000_chars PASSED [ 94%]
backend/tests/test_validators.py::TestValidateNotes::test_notes_too_long PASSED [ 94%]
backend/tests/test_validators.py::TestSanitizeString::test_strips_whitespace PASSED [ 94%]
backend/tests/test_validators.py::TestSanitizeString::test_removes_null_bytes PASSED [ 94%]
backend/tests/test_validators.py::TestSanitizeString::test_none_returns_none PASSED [ 95%]
backend/tests/test_validators.py::TestSanitizeString::test_empty_string_returns_empty PASSED [ 95%]
backend/tests/test_validators.py::TestSanitizeString::test_normal_string_unchanged PASSED [ 95%]
backend/tests/test_validators.py::TestSanitizeString::test_multiple_null_bytes PASSED [ 95%]
backend/tests/test_validators.py::TestSanitizeString::test_only_whitespace PASSED [ 95%]
backend/tests/test_validators.py::TestSanitizeString::test_preserves_internal_spaces PASSED [ 96%]
backend/tests/test_validators.py::TestValidateEmail::test_valid_simple_email PASSED [ 96%]
backend/tests/test_validators.py::TestValidateEmail::test_valid_email_with_subdomain PASSED [ 96%]
backend/tests/test_validators.py::TestValidateEmail::test_valid_email_with_plus PASSED [ 96%]
backend/tests/test_validators.py::TestValidateEmail::test_valid_email_with_dots PASSED [ 96%]
backend/tests/test_validators.py::TestValidateEmail::test_valid_email_with_numbers PASSED [ 96%]
backend/tests/test_validators.py::TestValidateEmail::test_invalid_email_no_at PASSED [ 97%]
backend/tests/test_validators.py::TestValidateEmail::test_invalid_email_no_domain PASSED [ 97%]
backend/tests/test_validators.py::TestValidateEmail::test_invalid_email_no_tld PASSED [ 97%]
backend/tests/test_validators.py::TestValidateEmail::test_invalid_email_empty PASSED [ 97%]
backend/tests/test_validators.py::TestValidateEmail::test_invalid_email_none PASSED [ 97%]
backend/tests/test_validators.py::TestValidateEmail::test_invalid_email_too_long PASSED [ 98%]
backend/tests/test_validators.py::TestValidateEmail::test_invalid_email_spaces PASSED [ 98%]
backend/tests/test_validators.py::TestValidateEmail::test_valid_email_exactly_120_chars PASSED [ 98%]
backend/tests/test_validators.py::TestAllowedConstants::test_allowed_categories_not_empty PASSED [ 98%]
backend/tests/test_validators.py::TestAllowedConstants::test_allowed_categories_contains_expected PASSED [ 98%]
backend/tests/test_validators.py::TestAllowedConstants::test_allowed_income_types_not_empty PASSED [ 99%]
backend/tests/test_validators.py::TestAllowedConstants::test_allowed_income_types_contains_expected PASSED [ 99%]
backend/tests/test_validators.py::TestAllowedConstants::test_allowed_period_types_not_empty PASSED [ 99%]
backend/tests/test_validators.py::TestAllowedConstants::test_allowed_period_types_contains_expected PASSED [ 99%]
backend/tests/test_validators.py::TestAllowedConstants::test_allowed_recurring_frequencies_not_empty PASSED [ 99%]
backend/tests/test_validators.py::TestAllowedConstants::test_allowed_recurring_frequencies_contains_expected PASSED [100%]

============================== warnings summary ===============================
backend/tests/test_currency_routes.py: 14 warnings
backend/tests/test_expenses.py: 1 warning
  H:\Code\bloom-budget-tracker\backend\services\currency_service.py:530: DeprecationWarning: datetime.datetime.utcnow() is deprecated and scheduled for removal in a future version. Use timezone-aware objects to represent datetimes in UTC: datetime.datetime.now(datetime.UTC).
    fetched_at=datetime.utcnow(),

backend/tests/test_currency_routes.py: 14 warnings
backend/tests/test_expenses.py: 1 warning
  H:\Code\bloom-budget-tracker\backend\services\currency_service.py:534: DeprecationWarning: datetime.datetime.utcnow() is deprecated and scheduled for removal in a future version. Use timezone-aware objects to represent datetimes in UTC: datetime.datetime.now(datetime.UTC).
    set_={"rate": rate, "fetched_at": datetime.utcnow()},

backend/tests/test_currency_routes.py::test_convert_with_auth
  H:\Code\bloom-budget-tracker\backend\services\currency_service.py:510: DeprecationWarning: datetime.datetime.utcnow() is deprecated and scheduled for removal in a future version. Use timezone-aware objects to represent datetimes in UTC: datetime.datetime.now(datetime.UTC).
    if datetime.utcnow() > expiry:

backend/tests/test_currency_routes.py::test_cache_rate_concurrent_access
  H:\Code\bloom-budget-tracker\backend\services\currency_service.py:547: DeprecationWarning: datetime.datetime.utcnow() is deprecated and scheduled for removal in a future version. Use timezone-aware objects to represent datetimes in UTC: datetime.datetime.now(datetime.UTC).
    existing.fetched_at = datetime.utcnow()

backend/tests/test_goals.py::TestGoalsCRUD::test_update_goal
backend/tests/test_goals.py::TestGoalsCRUD::test_update_goal_initial_amount
  H:\Code\bloom-budget-tracker\backend\routes\goals.py:256: DeprecationWarning: datetime.datetime.utcnow() is deprecated and scheduled for removal in a future version. Use timezone-aware objects to represent datetimes in UTC: datetime.datetime.now(datetime.UTC).
    goal.updated_at = datetime.utcnow()

-- Docs: https://docs.pytest.org/en/stable/how-to/capture-warnings.html
================= 528 passed, 34 warnings in 92.85s (0:01:32) =================
